I'm sorry, but errors were detected in your script. Please correct the
errors listed below, and try again.


File "game/script.rpy", line 24: expected statement.
    xalign 0.1 
            ^

File "game/script.rpy", line 25: expected statement.
    yalign 1.0
            ^

Ren'Py Version: Ren'Py 6.99.10.1227
